TRADER,SYMBOL,QUANTITY
Anna,IBM.N,100
Anna,JNJ.N,-100
Anna,PEP.N,100
John,IBM.N,100
John,LLY.N,100
John,MS.N,-100
John,PEP.N,100
Julie,BABY.N,-300
Julie,IBM.N,600
Julie,PEP.N,800
Mike,BABY.N,100
Mike,IBM.N,-300
Mike,JNJ.N,200
Mike,LLY.N,100
Mike,PEP.N,1200
Tom,ABBV.N,600
Tom,IBM.N,-100
Tom,LLY.N,-500
Tom,PEP.N,400
